[0.117s] DEBUG:colcon:Command line arguments: ['/usr/bin/colcon', 'build', '--symlink-install']
[0.117s] DEBUG:colcon:Parsed command line arguments: Namespace(log_base=None, log_level=None, verb_name='build', build_base='build', install_base='install', merge_install=False, symlink_install=True, test_result_base=None, continue_on_error=False, executor='parallel', parallel_workers=6, event_handlers=None, ignore_user_meta=False, metas=['./colcon.meta'], base_paths=['.'], packages_ignore=None, packages_ignore_regex=None, paths=None, packages_up_to=None, packages_up_to_regex=None, packages_above=None, packages_above_and_dependencies=None, packages_above_depth=None, packages_select_by_dep=None, packages_skip_by_dep=None, packages_skip_up_to=None, packages_select_build_failed=False, packages_skip_build_finished=False, packages_select_test_failures=False, packages_skip_test_passed=False, packages_select=None, packages_skip=None, packages_select_regex=None, packages_skip_regex=None, packages_start=None, packages_end=None, allow_overriding=[], cmake_args=None, cmake_target=None, cmake_target_skip_unavailable=False, cmake_clean_cache=False, cmake_clean_first=False, cmake_force_configure=False, ament_cmake_args=None, catkin_cmake_args=None, catkin_skip_building_tests=False, mixin_files=None, mixin=None, verb_parser=<colcon_mixin.mixin.mixin_argument.MixinArgumentDecorator object at 0x75989c1981f0>, verb_extension=<colcon_core.verb.build.BuildVerb object at 0x75989c2a1180>, main=<bound method BuildVerb.main of <colcon_core.verb.build.BuildVerb object at 0x75989c2a1180>>, mixin_verb=('build',))
[0.320s] Level 1:colcon.colcon_core.package_discovery:discover_packages(colcon_meta) check parameters
[0.320s] Level 1:colcon.colcon_core.package_discovery:discover_packages(recursive) check parameters
[0.320s] Level 1:colcon.colcon_core.package_discovery:discover_packages(ignore) check parameters
[0.320s] Level 1:colcon.colcon_core.package_discovery:discover_packages(path) check parameters
[0.321s] Level 1:colcon.colcon_core.package_discovery:discover_packages(colcon_meta) discover
[0.321s] Level 1:colcon.colcon_core.package_discovery:discover_packages(recursive) discover
[0.321s] INFO:colcon.colcon_core.package_discovery:Crawling recursively for packages in '/home/storagy/example_hongjunpyo'
[0.321s] Level 1:colcon.colcon_core.package_identification:_identify(.) by extensions ['ignore', 'ignore_ament_install']
[0.321s] Level 1:colcon.colcon_core.package_identification:_identify(.) by extension 'ignore'
[0.321s] Level 1:colcon.colcon_core.package_identification:_identify(.) by extension 'ignore_ament_install'
[0.321s] Level 1:colcon.colcon_core.package_identification:_identify(.) by extensions ['colcon_pkg']
[0.321s] Level 1:colcon.colcon_core.package_identification:_identify(.) by extension 'colcon_pkg'
[0.321s] Level 1:colcon.colcon_core.package_identification:_identify(.) by extensions ['colcon_meta']
[0.321s] Level 1:colcon.colcon_core.package_identification:_identify(.) by extension 'colcon_meta'
[0.321s] Level 1:colcon.colcon_core.package_identification:_identify(.) by extensions ['ros']
[0.321s] Level 1:colcon.colcon_core.package_identification:_identify(.) by extension 'ros'
[0.344s] Level 1:colcon.colcon_core.package_identification:_identify(.) by extensions ['cmake', 'python']
[0.344s] Level 1:colcon.colcon_core.package_identification:_identify(.) by extension 'cmake'
[0.344s] Level 1:colcon.colcon_core.package_identification:_identify(.) by extension 'python'
[0.344s] Level 1:colcon.colcon_core.package_identification:_identify(.) by extensions ['python_setup_py']
[0.344s] Level 1:colcon.colcon_core.package_identification:_identify(.) by extension 'python_setup_py'
[0.344s] Level 1:colcon.colcon_core.package_identification:_identify(build) by extensions ['ignore', 'ignore_ament_install']
[0.344s] Level 1:colcon.colcon_core.package_identification:_identify(build) by extension 'ignore'
[0.344s] Level 1:colcon.colcon_core.package_identification:_identify(build) ignored
[0.345s] Level 1:colcon.colcon_core.package_identification:_identify(install) by extensions ['ignore', 'ignore_ament_install']
[0.345s] Level 1:colcon.colcon_core.package_identification:_identify(install) by extension 'ignore'
[0.345s] Level 1:colcon.colcon_core.package_identification:_identify(install) ignored
[0.345s] Level 1:colcon.colcon_core.package_identification:_identify(log) by extensions ['ignore', 'ignore_ament_install']
[0.345s] Level 1:colcon.colcon_core.package_identification:_identify(log) by extension 'ignore'
[0.345s] Level 1:colcon.colcon_core.package_identification:_identify(log) ignored
[0.345s] Level 1:colcon.colcon_core.package_identification:_identify(src) by extensions ['ignore', 'ignore_ament_install']
[0.345s] Level 1:colcon.colcon_core.package_identification:_identify(src) by extension 'ignore'
[0.345s] Level 1:colcon.colcon_core.package_identification:_identify(src) by extension 'ignore_ament_install'
[0.345s] Level 1:colcon.colcon_core.package_identification:_identify(src) by extensions ['colcon_pkg']
[0.345s] Level 1:colcon.colcon_core.package_identification:_identify(src) by extension 'colcon_pkg'
[0.345s] Level 1:colcon.colcon_core.package_identification:_identify(src) by extensions ['colcon_meta']
[0.345s] Level 1:colcon.colcon_core.package_identification:_identify(src) by extension 'colcon_meta'
[0.346s] Level 1:colcon.colcon_core.package_identification:_identify(src) by extensions ['ros']
[0.346s] Level 1:colcon.colcon_core.package_identification:_identify(src) by extension 'ros'
[0.346s] Level 1:colcon.colcon_core.package_identification:_identify(src) by extensions ['cmake', 'python']
[0.346s] Level 1:colcon.colcon_core.package_identification:_identify(src) by extension 'cmake'
[0.346s] Level 1:colcon.colcon_core.package_identification:_identify(src) by extension 'python'
[0.346s] Level 1:colcon.colcon_core.package_identification:_identify(src) by extensions ['python_setup_py']
[0.346s] Level 1:colcon.colcon_core.package_identification:_identify(src) by extension 'python_setup_py'
[0.346s] Level 1:colcon.colcon_core.package_identification:_identify(src/aruco_follow) by extensions ['ignore', 'ignore_ament_install']
[0.346s] Level 1:colcon.colcon_core.package_identification:_identify(src/aruco_follow) by extension 'ignore'
[0.346s] Level 1:colcon.colcon_core.package_identification:_identify(src/aruco_follow) by extension 'ignore_ament_install'
[0.346s] Level 1:colcon.colcon_core.package_identification:_identify(src/aruco_follow) by extensions ['colcon_pkg']
[0.346s] Level 1:colcon.colcon_core.package_identification:_identify(src/aruco_follow) by extension 'colcon_pkg'
[0.346s] Level 1:colcon.colcon_core.package_identification:_identify(src/aruco_follow) by extensions ['colcon_meta']
[0.346s] Level 1:colcon.colcon_core.package_identification:_identify(src/aruco_follow) by extension 'colcon_meta'
[0.346s] Level 1:colcon.colcon_core.package_identification:_identify(src/aruco_follow) by extensions ['ros']
[0.346s] Level 1:colcon.colcon_core.package_identification:_identify(src/aruco_follow) by extension 'ros'
[0.350s] DEBUG:colcon.colcon_core.package_identification:Package 'src/aruco_follow' with type 'ros.ament_python' and name 'aruco_follow'
[0.350s] Level 1:colcon.colcon_core.package_discovery:discover_packages(recursive) using defaults
[0.350s] Level 1:colcon.colcon_core.package_discovery:discover_packages(ignore) discover
[0.350s] Level 1:colcon.colcon_core.package_discovery:discover_packages(ignore) using defaults
[0.350s] Level 1:colcon.colcon_core.package_discovery:discover_packages(path) discover
[0.350s] Level 1:colcon.colcon_core.package_discovery:discover_packages(path) using defaults
[0.375s] Level 1:colcon.colcon_core.package_discovery:discover_packages(prefix_path) check parameters
[0.375s] Level 1:colcon.colcon_core.package_discovery:discover_packages(prefix_path) discover
[0.380s] DEBUG:colcon.colcon_installed_package_information.package_discovery:Found 1 installed packages in /home/storagy/example_hongjunpyo/install
[0.382s] DEBUG:colcon.colcon_installed_package_information.package_discovery:Found 43 installed packages in /home/storagy/Desktop/storagy_ws/install
[0.384s] DEBUG:colcon.colcon_installed_package_information.package_discovery:Found 372 installed packages in /opt/ros/humble
[0.388s] Level 1:colcon.colcon_core.package_discovery:discover_packages(prefix_path) using defaults
[0.437s] Level 5:colcon.colcon_core.verb:set package 'aruco_follow' build argument 'cmake_args' from command line to 'None'
[0.437s] Level 5:colcon.colcon_core.verb:set package 'aruco_follow' build argument 'cmake_target' from command line to 'None'
[0.437s] Level 5:colcon.colcon_core.verb:set package 'aruco_follow' build argument 'cmake_target_skip_unavailable' from command line to 'False'
[0.437s] Level 5:colcon.colcon_core.verb:set package 'aruco_follow' build argument 'cmake_clean_cache' from command line to 'False'
[0.437s] Level 5:colcon.colcon_core.verb:set package 'aruco_follow' build argument 'cmake_clean_first' from command line to 'False'
[0.437s] Level 5:colcon.colcon_core.verb:set package 'aruco_follow' build argument 'cmake_force_configure' from command line to 'False'
[0.437s] Level 5:colcon.colcon_core.verb:set package 'aruco_follow' build argument 'ament_cmake_args' from command line to 'None'
[0.437s] Level 5:colcon.colcon_core.verb:set package 'aruco_follow' build argument 'catkin_cmake_args' from command line to 'None'
[0.437s] Level 5:colcon.colcon_core.verb:set package 'aruco_follow' build argument 'catkin_skip_building_tests' from command line to 'False'
[0.437s] DEBUG:colcon.colcon_core.verb:Building package 'aruco_follow' with the following arguments: {'ament_cmake_args': None, 'build_base': '/home/storagy/example_hongjunpyo/build/aruco_follow', 'catkin_cmake_args': None, 'catkin_skip_building_tests': False, 'cmake_args': None, 'cmake_clean_cache': False, 'cmake_clean_first': False, 'cmake_force_configure': False, 'cmake_target': None, 'cmake_target_skip_unavailable': False, 'install_base': '/home/storagy/example_hongjunpyo/install/aruco_follow', 'merge_install': False, 'path': '/home/storagy/example_hongjunpyo/src/aruco_follow', 'symlink_install': True, 'test_result_base': None}
[0.438s] INFO:colcon.colcon_core.executor:Executing jobs using 'parallel' executor
[0.438s] DEBUG:colcon.colcon_parallel_executor.executor.parallel:run_until_complete
[0.439s] INFO:colcon.colcon_ros.task.ament_python.build:Building ROS package in '/home/storagy/example_hongjunpyo/src/aruco_follow' with build type 'ament_python'
[0.439s] Level 1:colcon.colcon_core.shell:create_environment_hook('aruco_follow', 'ament_prefix_path')
[0.441s] INFO:colcon.colcon_core.plugin_system:Skipping extension 'colcon_core.shell.bat': Not used on non-Windows systems
[0.441s] INFO:colcon.colcon_core.shell:Creating environment hook '/home/storagy/example_hongjunpyo/install/aruco_follow/share/aruco_follow/hook/ament_prefix_path.ps1'
[0.441s] INFO:colcon.colcon_core.shell:Creating environment descriptor '/home/storagy/example_hongjunpyo/install/aruco_follow/share/aruco_follow/hook/ament_prefix_path.dsv'
[0.442s] INFO:colcon.colcon_core.shell:Creating environment hook '/home/storagy/example_hongjunpyo/install/aruco_follow/share/aruco_follow/hook/ament_prefix_path.sh'
[0.442s] INFO:colcon.colcon_core.shell:Skip shell extension 'powershell' for command environment: Not usable outside of PowerShell
[0.442s] DEBUG:colcon.colcon_core.shell:Skip shell extension 'dsv' for command environment
[0.759s] INFO:colcon.colcon_core.task.python.build:Building Python package in '/home/storagy/example_hongjunpyo/src/aruco_follow'
[0.760s] INFO:colcon.colcon_core.shell:Skip shell extension 'powershell' for command environment: Not usable outside of PowerShell
[0.760s] DEBUG:colcon.colcon_core.shell:Skip shell extension 'dsv' for command environment
[1.147s] DEBUG:colcon.colcon_core.event_handler.log_command:Invoking command in '/home/storagy/example_hongjunpyo/build/aruco_follow': PYTHONPATH=/home/storagy/example_hongjunpyo/build/aruco_follow/prefix_override:/usr/lib/python3/dist-packages/colcon_core/task/python/colcon_distutils_commands:/home/storagy/example_hongjunpyo/install/aruco_follow/lib/python3.10/site-packages:${PYTHONPATH} /usr/bin/python3 -W ignore:setup.py install is deprecated -W ignore:easy_install command is deprecated setup.py develop --editable --build-directory /home/storagy/example_hongjunpyo/build/aruco_follow/build --no-deps symlink_data
[1.735s] Level 1:colcon.colcon_core.shell:create_environment_hook('aruco_follow', 'pythonpath_develop')
[1.735s] INFO:colcon.colcon_core.shell:Creating environment hook '/home/storagy/example_hongjunpyo/build/aruco_follow/share/aruco_follow/hook/pythonpath_develop.ps1'
[1.736s] DEBUG:colcon.colcon_core.event_handler.log_command:Invoked command in '/home/storagy/example_hongjunpyo/build/aruco_follow' returned '0': PYTHONPATH=/home/storagy/example_hongjunpyo/build/aruco_follow/prefix_override:/usr/lib/python3/dist-packages/colcon_core/task/python/colcon_distutils_commands:/home/storagy/example_hongjunpyo/install/aruco_follow/lib/python3.10/site-packages:${PYTHONPATH} /usr/bin/python3 -W ignore:setup.py install is deprecated -W ignore:easy_install command is deprecated setup.py develop --editable --build-directory /home/storagy/example_hongjunpyo/build/aruco_follow/build --no-deps symlink_data
[1.736s] INFO:colcon.colcon_core.shell:Creating environment descriptor '/home/storagy/example_hongjunpyo/build/aruco_follow/share/aruco_follow/hook/pythonpath_develop.dsv'
[1.737s] INFO:colcon.colcon_core.shell:Creating environment hook '/home/storagy/example_hongjunpyo/build/aruco_follow/share/aruco_follow/hook/pythonpath_develop.sh'
[1.740s] Level 1:colcon.colcon_core.environment:checking '/home/storagy/example_hongjunpyo/install/aruco_follow' for CMake module files
[1.740s] Level 1:colcon.colcon_core.environment:checking '/home/storagy/example_hongjunpyo/install/aruco_follow' for CMake config files
[1.741s] Level 1:colcon.colcon_core.environment:checking '/home/storagy/example_hongjunpyo/install/aruco_follow/lib'
[1.741s] Level 1:colcon.colcon_core.environment:checking '/home/storagy/example_hongjunpyo/install/aruco_follow/bin'
[1.741s] Level 1:colcon.colcon_core.environment:checking '/home/storagy/example_hongjunpyo/install/aruco_follow/lib/pkgconfig/aruco_follow.pc'
[1.741s] Level 1:colcon.colcon_core.environment:checking '/home/storagy/example_hongjunpyo/install/aruco_follow/lib/python3.10/site-packages'
[1.741s] Level 1:colcon.colcon_core.shell:create_environment_hook('aruco_follow', 'pythonpath')
[1.741s] INFO:colcon.colcon_core.shell:Creating environment hook '/home/storagy/example_hongjunpyo/install/aruco_follow/share/aruco_follow/hook/pythonpath.ps1'
[1.742s] INFO:colcon.colcon_core.shell:Creating environment descriptor '/home/storagy/example_hongjunpyo/install/aruco_follow/share/aruco_follow/hook/pythonpath.dsv'
[1.742s] INFO:colcon.colcon_core.shell:Creating environment hook '/home/storagy/example_hongjunpyo/install/aruco_follow/share/aruco_follow/hook/pythonpath.sh'
[1.743s] Level 1:colcon.colcon_core.environment:checking '/home/storagy/example_hongjunpyo/install/aruco_follow/bin'
[1.743s] Level 1:colcon.colcon_core.environment:create_environment_scripts_only(aruco_follow)
[1.743s] INFO:colcon.colcon_core.shell:Creating package script '/home/storagy/example_hongjunpyo/install/aruco_follow/share/aruco_follow/package.ps1'
[1.745s] INFO:colcon.colcon_core.shell:Creating package descriptor '/home/storagy/example_hongjunpyo/install/aruco_follow/share/aruco_follow/package.dsv'
[1.745s] INFO:colcon.colcon_core.shell:Creating package script '/home/storagy/example_hongjunpyo/install/aruco_follow/share/aruco_follow/package.sh'
[1.746s] INFO:colcon.colcon_core.shell:Creating package script '/home/storagy/example_hongjunpyo/install/aruco_follow/share/aruco_follow/package.bash'
[1.747s] INFO:colcon.colcon_core.shell:Creating package script '/home/storagy/example_hongjunpyo/install/aruco_follow/share/aruco_follow/package.zsh'
[1.749s] Level 1:colcon.colcon_core.environment:create_file_with_runtime_dependencies(/home/storagy/example_hongjunpyo/install/aruco_follow/share/colcon-core/packages/aruco_follow)
[1.749s] DEBUG:colcon.colcon_parallel_executor.executor.parallel:closing loop
[1.750s] DEBUG:colcon.colcon_parallel_executor.executor.parallel:loop closed
[1.750s] DEBUG:colcon.colcon_parallel_executor.executor.parallel:run_until_complete finished with '0'
[1.750s] DEBUG:colcon.colcon_core.event_reactor:joining thread
[1.764s] INFO:colcon.colcon_core.plugin_system:Skipping extension 'colcon_notification.desktop_notification.terminal_notifier': Not used on non-Darwin systems
[1.764s] INFO:colcon.colcon_core.plugin_system:Skipping extension 'colcon_notification.desktop_notification.win32': Not used on non-Windows systems
[1.764s] INFO:colcon.colcon_notification.desktop_notification:Sending desktop notification using 'notify2'
[1.784s] DEBUG:colcon.colcon_core.event_reactor:joined thread
[1.785s] INFO:colcon.colcon_core.shell:Creating prefix script '/home/storagy/example_hongjunpyo/install/local_setup.ps1'
[1.786s] INFO:colcon.colcon_core.shell:Creating prefix util module '/home/storagy/example_hongjunpyo/install/_local_setup_util_ps1.py'
[1.787s] INFO:colcon.colcon_core.shell:Creating prefix chain script '/home/storagy/example_hongjunpyo/install/setup.ps1'
[1.791s] INFO:colcon.colcon_core.shell:Creating prefix script '/home/storagy/example_hongjunpyo/install/local_setup.sh'
[1.792s] INFO:colcon.colcon_core.shell:Creating prefix util module '/home/storagy/example_hongjunpyo/install/_local_setup_util_sh.py'
[1.793s] INFO:colcon.colcon_core.shell:Creating prefix chain script '/home/storagy/example_hongjunpyo/install/setup.sh'
[1.797s] INFO:colcon.colcon_core.shell:Creating prefix script '/home/storagy/example_hongjunpyo/install/local_setup.bash'
[1.797s] INFO:colcon.colcon_core.shell:Creating prefix chain script '/home/storagy/example_hongjunpyo/install/setup.bash'
[1.801s] INFO:colcon.colcon_core.shell:Creating prefix script '/home/storagy/example_hongjunpyo/install/local_setup.zsh'
[1.801s] INFO:colcon.colcon_core.shell:Creating prefix chain script '/home/storagy/example_hongjunpyo/install/setup.zsh'
