running develop
running egg_info
creating aruco_follow.egg-info
writing aruco_follow.egg-info/PKG-INFO
writing dependency_links to aruco_follow.egg-info/dependency_links.txt
writing entry points to aruco_follow.egg-info/entry_points.txt
writing requirements to aruco_follow.egg-info/requires.txt
writing top-level names to aruco_follow.egg-info/top_level.txt
writing manifest file 'aruco_follow.egg-info/SOURCES.txt'
reading manifest file 'aruco_follow.egg-info/SOURCES.txt'
writing manifest file 'aruco_follow.egg-info/SOURCES.txt'
running build_ext
Creating /home/storagy/example_hongjunpyo/install/aruco_follow/lib/python3.10/site-packages/aruco-follow.egg-link (link to .)
Installing jp script to /home/storagy/example_hongjunpyo/install/aruco_follow/lib/aruco_follow

Installed /home/storagy/example_hongjunpyo/build/aruco_follow
running symlink_data
creating /home/storagy/example_hongjunpyo/install/aruco_follow/share/ament_index
creating /home/storagy/example_hongjunpyo/install/aruco_follow/share/ament_index/resource_index
creating /home/storagy/example_hongjunpyo/install/aruco_follow/share/ament_index/resource_index/packages
symbolically linking /home/storagy/example_hongjunpyo/build/aruco_follow/resource/aruco_follow -> /home/storagy/example_hongjunpyo/install/aruco_follow/share/ament_index/resource_index/packages
symbolically linking /home/storagy/example_hongjunpyo/build/aruco_follow/package.xml -> /home/storagy/example_hongjunpyo/install/aruco_follow/share/aruco_follow
