[0.755s] Invoking command in '/home/storagy/example_hongjunpyo/build/aruco_follow': PYTHONPATH=/home/storagy/example_hongjunpyo/build/aruco_follow/prefix_override:/usr/lib/python3/dist-packages/colcon_core/task/python/colcon_distutils_commands:/home/storagy/example_hongjunpyo/install/aruco_follow/lib/python3.10/site-packages:${PYTHONPATH} /usr/bin/python3 -W ignore:setup.py install is deprecated -W ignore:easy_install command is deprecated setup.py develop --editable --build-directory /home/storagy/example_hongjunpyo/build/aruco_follow/build --no-deps symlink_data
[1.063s] running develop
[1.289s] running egg_info
[1.289s] creating aruco_follow.egg-info
[1.290s] writing aruco_follow.egg-info/PKG-INFO
[1.290s] writing dependency_links to aruco_follow.egg-info/dependency_links.txt
[1.290s] writing entry points to aruco_follow.egg-info/entry_points.txt
[1.290s] writing requirements to aruco_follow.egg-info/requires.txt
[1.290s] writing top-level names to aruco_follow.egg-info/top_level.txt
[1.290s] writing manifest file 'aruco_follow.egg-info/SOURCES.txt'
[1.292s] reading manifest file 'aruco_follow.egg-info/SOURCES.txt'
[1.292s] writing manifest file 'aruco_follow.egg-info/SOURCES.txt'
[1.294s] running build_ext
[1.294s] Creating /home/storagy/example_hongjunpyo/install/aruco_follow/lib/python3.10/site-packages/aruco-follow.egg-link (link to .)
[1.295s] Installing jp script to /home/storagy/example_hongjunpyo/install/aruco_follow/lib/aruco_follow
[1.296s] 
[1.296s] Installed /home/storagy/example_hongjunpyo/build/aruco_follow
[1.296s] running symlink_data
[1.296s] creating /home/storagy/example_hongjunpyo/install/aruco_follow/share/ament_index
[1.296s] creating /home/storagy/example_hongjunpyo/install/aruco_follow/share/ament_index/resource_index
[1.296s] creating /home/storagy/example_hongjunpyo/install/aruco_follow/share/ament_index/resource_index/packages
[1.296s] symbolically linking /home/storagy/example_hongjunpyo/build/aruco_follow/resource/aruco_follow -> /home/storagy/example_hongjunpyo/install/aruco_follow/share/ament_index/resource_index/packages
[1.296s] symbolically linking /home/storagy/example_hongjunpyo/build/aruco_follow/package.xml -> /home/storagy/example_hongjunpyo/install/aruco_follow/share/aruco_follow
[1.333s] Invoked command in '/home/storagy/example_hongjunpyo/build/aruco_follow' returned '0': PYTHONPATH=/home/storagy/example_hongjunpyo/build/aruco_follow/prefix_override:/usr/lib/python3/dist-packages/colcon_core/task/python/colcon_distutils_commands:/home/storagy/example_hongjunpyo/install/aruco_follow/lib/python3.10/site-packages:${PYTHONPATH} /usr/bin/python3 -W ignore:setup.py install is deprecated -W ignore:easy_install command is deprecated setup.py develop --editable --build-directory /home/storagy/example_hongjunpyo/build/aruco_follow/build --no-deps symlink_data
